// Jest Snapshot v1, https://goo.gl/fbAQLP

exports[`should render ExpenseListItem with expense data 1`] = `
<div>
  <Link
    replace={false}
    to="/edit/3"
  >
    <h3>
      Credit Card
    </h3>
  </Link>
  <p>
    4500
     - 
    345600000
  </p>
</div>
`;
