// Jest Snapshot v1, https://goo.gl/fbAQLP

exports[`should render LoginPage correctly 1`] = `
<div>
  <h1>
    Please log in
  </h1>
  <button>
    Log in
  </button>
</div>
`;
